============================= test session starts ==============================
platform linux -- Python 3.12.3, pytest-9.0.2, pluggy-1.6.0
rootdir: /app
configfile: pyproject.toml
collected 375 items / 9 errors / 1 skipped

==================================== ERRORS ====================================
__ ERROR collecting py_rme_canary/tests/core/assets/test_creatures_loader.py ___
ImportError while importing test module '/app/py_rme_canary/tests/core/assets/test_creatures_loader.py'.
Hint: make sure your test modules/packages have valid Python names.
Traceback:
/usr/lib/python3.12/importlib/__init__.py:90: in import_module
    return _bootstrap._gcd_import(name[level:], package, level)
           ^^^^^^^^^^^^^^^^^^^^^^^^^^^^^^^^^^^^^^^^^^^^^^^^^^^^
py_rme_canary/tests/core/assets/test_creatures_loader.py:9: in <module>
    from py_rme_canary.core.assets.creatures_loader import (
py_rme_canary/core/assets/__init__.py:4: in <module>
    from py_rme_canary.core.assets.creatures_loader import (
py_rme_canary/core/assets/creatures_loader.py:25: in <module>
    from defusedxml import ElementTree as ET  # type: ignore[import-untyped]
    ^^^^^^^^^^^^^^^^^^^^^^^^^^^^^^^^^^^^^^^^
E   ModuleNotFoundError: No module named 'defusedxml'
_ ERROR collecting py_rme_canary/tests/logic_layer/operations/test_import_creatures.py _
ImportError while importing test module '/app/py_rme_canary/tests/logic_layer/operations/test_import_creatures.py'.
Hint: make sure your test modules/packages have valid Python names.
Traceback:
/usr/lib/python3.12/importlib/__init__.py:90: in import_module
    return _bootstrap._gcd_import(name[level:], package, level)
           ^^^^^^^^^^^^^^^^^^^^^^^^^^^^^^^^^^^^^^^^^^^^^^^^^^^^
py_rme_canary/tests/logic_layer/operations/test_import_creatures.py:9: in <module>
    from py_rme_canary.core.assets.creatures_loader import CreatureDatabase
py_rme_canary/core/assets/__init__.py:4: in <module>
    from py_rme_canary.core.assets.creatures_loader import (
py_rme_canary/core/assets/creatures_loader.py:25: in <module>
    from defusedxml import ElementTree as ET  # type: ignore[import-untyped]
    ^^^^^^^^^^^^^^^^^^^^^^^^^^^^^^^^^^^^^^^^
E   ModuleNotFoundError: No module named 'defusedxml'
_ ERROR collecting py_rme_canary/tests/unit/core/assets/test_appearances_dat.py _
ImportError while importing test module '/app/py_rme_canary/tests/unit/core/assets/test_appearances_dat.py'.
Hint: make sure your test modules/packages have valid Python names.
Traceback:
/usr/lib/python3.12/importlib/__init__.py:90: in import_module
    return _bootstrap._gcd_import(name[level:], package, level)
           ^^^^^^^^^^^^^^^^^^^^^^^^^^^^^^^^^^^^^^^^^^^^^^^^^^^^
py_rme_canary/tests/unit/core/assets/test_appearances_dat.py:5: in <module>
    from py_rme_canary.core.assets.appearances_dat import load_appearances_dat, resolve_appearances_path
py_rme_canary/core/assets/__init__.py:4: in <module>
    from py_rme_canary.core.assets.creatures_loader import (
py_rme_canary/core/assets/creatures_loader.py:25: in <module>
    from defusedxml import ElementTree as ET  # type: ignore[import-untyped]
    ^^^^^^^^^^^^^^^^^^^^^^^^^^^^^^^^^^^^^^^^
E   ModuleNotFoundError: No module named 'defusedxml'
__ ERROR collecting py_rme_canary/tests/unit/core/assets/test_asset_loader.py __
ImportError while importing test module '/app/py_rme_canary/tests/unit/core/assets/test_asset_loader.py'.
Hint: make sure your test modules/packages have valid Python names.
Traceback:
/usr/lib/python3.12/importlib/__init__.py:90: in import_module
    return _bootstrap._gcd_import(name[level:], package, level)
           ^^^^^^^^^^^^^^^^^^^^^^^^^^^^^^^^^^^^^^^^^^^^^^^^^^^^
py_rme_canary/tests/unit/core/assets/test_asset_loader.py:7: in <module>
    from py_rme_canary.core.assets.asset_profile import detect_asset_profile
py_rme_canary/core/assets/__init__.py:4: in <module>
    from py_rme_canary.core.assets.creatures_loader import (
py_rme_canary/core/assets/creatures_loader.py:25: in <module>
    from defusedxml import ElementTree as ET  # type: ignore[import-untyped]
    ^^^^^^^^^^^^^^^^^^^^^^^^^^^^^^^^^^^^^^^^
E   ModuleNotFoundError: No module named 'defusedxml'
_ ERROR collecting py_rme_canary/tests/unit/core/assets/test_asset_profile.py __
ImportError while importing test module '/app/py_rme_canary/tests/unit/core/assets/test_asset_profile.py'.
Hint: make sure your test modules/packages have valid Python names.
Traceback:
/usr/lib/python3.12/importlib/__init__.py:90: in import_module
    return _bootstrap._gcd_import(name[level:], package, level)
           ^^^^^^^^^^^^^^^^^^^^^^^^^^^^^^^^^^^^^^^^^^^^^^^^^^^^
py_rme_canary/tests/unit/core/assets/test_asset_profile.py:7: in <module>
    from py_rme_canary.core.assets.asset_profile import AssetProfileError, detect_asset_profile
py_rme_canary/core/assets/__init__.py:4: in <module>
    from py_rme_canary.core.assets.creatures_loader import (
py_rme_canary/core/assets/creatures_loader.py:25: in <module>
    from defusedxml import ElementTree as ET  # type: ignore[import-untyped]
    ^^^^^^^^^^^^^^^^^^^^^^^^^^^^^^^^^^^^^^^^
E   ModuleNotFoundError: No module named 'defusedxml'
_ ERROR collecting py_rme_canary/tests/unit/core/assets/test_legacy_dat_spr.py _
ImportError while importing test module '/app/py_rme_canary/tests/unit/core/assets/test_legacy_dat_spr.py'.
Hint: make sure your test modules/packages have valid Python names.
Traceback:
/usr/lib/python3.12/importlib/__init__.py:90: in import_module
    return _bootstrap._gcd_import(name[level:], package, level)
           ^^^^^^^^^^^^^^^^^^^^^^^^^^^^^^^^^^^^^^^^^^^^^^^^^^^^
py_rme_canary/tests/unit/core/assets/test_legacy_dat_spr.py:6: in <module>
    from py_rme_canary.core.assets.legacy_dat_spr import LegacySpriteArchive
py_rme_canary/core/assets/__init__.py:4: in <module>
    from py_rme_canary.core.assets.creatures_loader import (
py_rme_canary/core/assets/creatures_loader.py:25: in <module>
    from defusedxml import ElementTree as ET  # type: ignore[import-untyped]
    ^^^^^^^^^^^^^^^^^^^^^^^^^^^^^^^^^^^^^^^^
E   ModuleNotFoundError: No module named 'defusedxml'
_ ERROR collecting py_rme_canary/tests/unit/core/assets/test_sprite_appearances_png.py _
ImportError while importing test module '/app/py_rme_canary/tests/unit/core/assets/test_sprite_appearances_png.py'.
Hint: make sure your test modules/packages have valid Python names.
Traceback:
/usr/lib/python3.12/importlib/__init__.py:90: in import_module
    return _bootstrap._gcd_import(name[level:], package, level)
           ^^^^^^^^^^^^^^^^^^^^^^^^^^^^^^^^^^^^^^^^^^^^^^^^^^^^
py_rme_canary/tests/unit/core/assets/test_sprite_appearances_png.py:8: in <module>
    from py_rme_canary.core.assets.sprite_appearances import SpriteAppearances
py_rme_canary/core/assets/__init__.py:4: in <module>
    from py_rme_canary.core.assets.creatures_loader import (
py_rme_canary/core/assets/creatures_loader.py:25: in <module>
    from defusedxml import ElementTree as ET  # type: ignore[import-untyped]
    ^^^^^^^^^^^^^^^^^^^^^^^^^^^^^^^^^^^^^^^^
E   ModuleNotFoundError: No module named 'defusedxml'
_ ERROR collecting py_rme_canary/tests/unit/logic_layer/templates/test_map_templates.py _
ImportError while importing test module '/app/py_rme_canary/tests/unit/logic_layer/templates/test_map_templates.py'.
Hint: make sure your test modules/packages have valid Python names.
Traceback:
/usr/lib/python3.12/importlib/__init__.py:90: in import_module
    return _bootstrap._gcd_import(name[level:], package, level)
           ^^^^^^^^^^^^^^^^^^^^^^^^^^^^^^^^^^^^^^^^^^^^^^^^^^^^
py_rme_canary/tests/unit/logic_layer/templates/test_map_templates.py:8: in <module>
    from logic_layer.templates.map_templates import (
E   ModuleNotFoundError: No module named 'logic_layer.templates'
_ ERROR collecting py_rme_canary/tests/vis_layer/ui/overlays/test_drag_shadow.py _
ImportError while importing test module '/app/py_rme_canary/tests/vis_layer/ui/overlays/test_drag_shadow.py'.
Hint: make sure your test modules/packages have valid Python names.
Traceback:
/usr/lib/python3.12/importlib/__init__.py:90: in import_module
    return _bootstrap._gcd_import(name[level:], package, level)
           ^^^^^^^^^^^^^^^^^^^^^^^^^^^^^^^^^^^^^^^^^^^^^^^^^^^^
py_rme_canary/tests/vis_layer/ui/overlays/test_drag_shadow.py:5: in <module>
    from PySide6.QtCore import QPoint
E   ModuleNotFoundError: No module named 'PySide6'
=========================== short test summary info ============================
ERROR py_rme_canary/tests/core/assets/test_creatures_loader.py
ERROR py_rme_canary/tests/logic_layer/operations/test_import_creatures.py
ERROR py_rme_canary/tests/unit/core/assets/test_appearances_dat.py
ERROR py_rme_canary/tests/unit/core/assets/test_asset_loader.py
ERROR py_rme_canary/tests/unit/core/assets/test_asset_profile.py
ERROR py_rme_canary/tests/unit/core/assets/test_legacy_dat_spr.py
ERROR py_rme_canary/tests/unit/core/assets/test_sprite_appearances_png.py
ERROR py_rme_canary/tests/unit/logic_layer/templates/test_map_templates.py
ERROR py_rme_canary/tests/vis_layer/ui/overlays/test_drag_shadow.py
!!!!!!!!!!!!!!!!!!! Interrupted: 9 errors during collection !!!!!!!!!!!!!!!!!!!!
========================= 1 skipped, 9 errors in 0.79s =========================
